MPY: soft reboot
trying half duplex
b'=0210A1\r'
b'=0210A1\r'
BLE MAC: 64E83350A67E
pye("synscan_cfg.py") ctrl-s ctrl-q
MicroPython v1.26.1 on 2025-09-11; Generic ESP32S3 module with Octal-SPIRAM with ESP32S3
Type "help()" for more information.
'connect'
b':e1\r' b':e1\r' b'=0210A1\r'
b':q1010000\r' b':q1010000\r' b'=110000\r'
b':a1\r' b':a1\r' b'=1A330D\r'
b':f1\r' b':f1\r' b'=110\r'
b':e2\r' b':e2\r' b'=0210A1\r'
b':a2\r' b':a2\r' b'=1A330D\r'
b':f2\r' b':f2\r' b'=000\r'
b':b1\r' b':b1\r' b'=204E00\r'
b':s1\r' b':s1\r' b'=000000\r'
b':W1050000\r' b':W1050000\r' b'=\r'
b':W2050000\r' b':W2050000\r' b'=\r'
b':P12\r' b':P12\r' b'=\r'
b':P22\r' b':P22\r' b'=\r'

# E i F narebe su prisutne samo kod 2.16.A1, nema ih u 3.40.AF
# E znači set position (0° 0°)
# F znači initialization done
# treba provjerit da li zato što E i F fale
# u protokolu kod 3.40.AF onda tamo aux encoderi
# ne rade kako treba...

b':E1000080\r' b':E1000080\r' b'=\r'
b':F1\r' b':F1\r' b'=\r'
b':E2000080\r' b':E2000080\r' b'=\r'
b':F2\r' b':F2\r' b'=\r'

'goto 10 10'
b':j1\r' b':j1\r' b'=8AFE7F\r'
b':j2\r' b':j2\r' b'=000080\r'
b':f2\r' b':f2\r' b'=001\r'
b':f1\r' b':f1\r' b'=101\r'
b':j2\r' b':j2\r' b'=000080\r'
b':j1\r' b':j1\r' b'=8AFE7F\r'
b':j1\r' b':j1\r' b'=8AFE7F\r'
b':j2\r' b':j2\r' b'=000080\r'
b':f1\r' b':f1\r' b'=101\r'
b':j1\r' b':j1\r' b'=8AFE7F\r'
b':f2\r' b':f2\r' b'=001\r'
b':j2\r' b':j2\r' b'=000080\r'
b':G100\r' b':G100\r' b'=\r'
b':H1535F00\r' b':H1535F00\r' b'=\r'
b':M1AC0D00\r' b':T1C00000\r' b'=\r'
b':J1\r' b':J1\r' b'=\r'
b':f1\r' b':f1\r' b'=411\r'
b':j1\r' b':j1\r' b'=8BFE7F\r'
b':G200\r' b':G200\r' b'=\r'
b':H2DD5D00\r' b':H2DD5D00\r' b'=\r'
b':M2AC0D00\r' b':T2800000\r' b'=\r'
b':j1\r' b':j1\r' b'=0DFF7F\r'
b':f1\r' b':f1\r' b'=411\r'
b':j1\r' b':j1\r' b'=AEFF7F\r'
b':j2\r' b':j2\r' b'=000080\r'
b':J2\r' b':J2\r' b'=\r'
b':f2\r' b':f2\r' b'=411\r'
b':j2\r' b':j2\r' b'=300080\r'
b':f1\r' b':f1\r' b'=411\r'
b':j1\r' b':j1\r' b'=1E0380\r'
b':j1\r' b':j1\r' b'=ED0380\r'
b':f2\r' b':f2\r' b'=411\r'
b':j2\r' b':j2\r' b'=890280\r'
b':j2\r' b':j2\r' b'=4C0380\r'
b':f1\r' b':f1\r' b'=411\r'
b':j1\r' b':j1\r' b'=EB0880\r'
b':f2\r' b':f2\r' b'=411\r'
b':j2\r' b':j2\r' b'=550780\r'
b':f1\r' b':f1\r' b'=411\r'
b':j1\r' b':j1\r' b'=990D80\r'
b':f2\r' b':f2\r' b'=411\r'
b':j2\r' b':j2\r' b'=ED0C80\r'
b':f1\r' b':f1\r' b'=411\r'
b':j1\r' b':j1\r' b'=491280\r'
b':f2\r' b':f2\r' b'=411\r'
b':j2\r' b':j2\r' b'=B31480\r'
b':f1\r' b':f1\r' b'=411\r'
b':j1\r' b':j1\r' b'=8A1780\r'
b':f2\r' b':f2\r' b'=411\r'
b':j2\r' b':j2\r' b'=951C80\r'
b':f1\r' b':f1\r' b'=411\r'
b':j1\r' b':j1\r' b'=CE1C80\r'
b':f2\r' b':f2\r' b'=411\r'
b':j2\r' b':j2\r' b'=9B2380\r'
b':f1\r' b':f1\r' b'=411\r'
b':j1\r' b':j1\r' b'=7B2180\r'
b':f2\r' b':f2\r' b'=411\r'
b':j2\r' b':j2\r' b'=7F2B80\r'
b':f1\r' b':f1\r' b'=411\r'
b':j1\r' b':j1\r' b'=BD2680\r'
b':f2\r' b':f2\r' b'=411\r'
b':j2\r' b':j2\r' b'=843280\r'
b':f1\r' b':f1\r' b'=411\r'
b':j1\r' b':j1\r' b'=6A2B80\r'
b':f2\r' b':f2\r' b'=411\r'
b':j2\r' b':j2\r' b'=673A80\r'
b':f1\r' b':f1\r' b'=411\r'
b':j1\r' b':j1\r' b'=AE3080\r'
b':f2\r' b':f2\r' b'=411\r'
b':j2\r' b':j2\r' b'=6B4180\r'
b':f1\r' b':f1\r' b'=411\r'
b':j1\r' b':j1\r' b'=F13580\r'
b':f2\r' b':f2\r' b'=411\r'
b':j2\r' b':j2\r' b'=4B4980\r'
b':f1\r' b':f1\r' b'=411\r'
b':j1\r' b':j1\r' b'=333B80\r'
b':f2\r' b':f2\r' b'=411\r'
b':j2\r' b':j2\r' b'=305180\r'
b':f1\r' b':f1\r' b'=411\r'
b':j1\r' b':j1\r' b'=E13F80\r'
b':f2\r' b':f2\r' b'=411\r'
b':j2\r' b':j2\r' b'=345880\r'
b':f1\r' b':f1\r' b'=411\r'
b':j1\r' b':j1\r' b'=8D4480\r'
b':f2\r' b':f2\r' b'=011\r'
b':j2\r' b':j2\r' b'=F25A80\r'
b':f1\r' b':f1\r' b'=411\r'
b':j1\r' b':j1\r' b'=3B4980\r'
b':f2\r' b':f2\r' b'=011\r'
b':j2\r' b':j2\r' b'=DC5B80\r'
b':f1\r' b':f1\r' b'=411\r'
b':j1\r' b':j1\r' b'=E94D80\r'
b':f2\r' b':f2\r' b'=011\r'
b':j2\r' b':j2\r' b'=C15C80\r'
b':f1\r' b':f1\r' b'=411\r'
b':j1\r' b':j1\r' b'=2C5380\r'
b':f2\r' b':f2\r' b'=011\r'
b':j2\r' b':j2\r' b'=C65D80\r'
b':f1\r' b':f1\r' b'=411\r'
b':j1\r' b':j1\r' b'=D85780\r'
b':f2\r' b':f2\r' b'=001\r'
b':j2\r' b':j2\r' b'=D75D80\r'
b':j2\r' b':j2\r' b'=D75D80\r'
b':f1\r' b':f1\r' b'=011\r'
b':j1\r' b':j1\r' b'=F55A80\r'
b':f2\r' b':f2\r' b'=001\r'
b':j2\r' b':j2\r' b'=D75D80\r'

G220 samo za 2.16.AF,
nema u 3.40.AF, tamo je G121

b':G220\r' b':G220\r' b'=\r'
b':H2060000\r' b':H2060000\r' b'=\r'
b':M2AC0D00\r' b':T2800000\r' b'=\r'
b':J2\r' b':J2\r' b'=\r'
b':f2\r' b':f2\r' b'=001\r'
b':j2\r' b':j2\r' b'=D75D80\r'
b':f1\r' b':f1\r' b'=011\r'
b':j1\r' b':j1\r' b'=385D80\r'
b':j1\r' b':j1\r' b'=755D80\r'
b':j2\r' b':j2\r' b'=D75D80\r'
b':f1\r' b':f1\r' b'=001\r'
b':j1\r' b':j1\r' b'=D45D80\r'
b':j1\r' b':j1\r' b'=D45D80\r'
b':f1\r' b':f1\r' b'=001\r'
b':j1\r' b':j1\r' b'=D45D80\r'
b':G120\r' b':G120\r' b'=\r'
b':H1090000\r' b':H1090000\r' b'=\r'
b':M1AC0D00\r' b':T1C00000\r' b'=\r'
b':J1\r' b':J1\r' b'=\r'
b':f1\r' b':f1\r' b'=001\r'
b':j1\r' b':j1\r' b'=D45D80\r'
b':j1\r' b':j1\r' b'=D45D80\r'
b':j2\r' b':j2\r' b'=D75D80\r'
b':j1\r' b':j1\r' b'=D45D80\r'
b':j2\r' b':j2\r' b'=D75D80\r'
b':j1\r' b':j1\r' b'=D45D80\r'
b':K2\r' b':K2\r' b'=\r'
b':K1\r' b':K1\r' b'=\r'

'goto 0 0'
b':j1\r' b':j1\r' b'=D45D80\r'
b':j2\r' b':j2\r' b'=D75D80\r'
b':f2\r' b':f2\r' b'=001\r'
b':f1\r' b':f1\r' b'=001\r'
b':j1\r' b':j1\r' b'=D45D80\r'
b':j2\r' b':j2\r' b'=D75D80\r'
b':f1\r' b':f1\r' b'=001\r'
b':j1\r' b':j1\r' b'=D45D80\r'
b':f2\r' b':f2\r' b'=001\r'
b':j2\r' b':j2\r' b'=D75D80\r'
b':G101\r' b':G101\r' b'=\r'
b':H1DE6400\r' b':H1DE6400\r' b'=\r'
b':M1AC0D00\r' b':T1C00000\r' b'=\r'
b':J1\r' b':J1\r' b'=\r'
b':f1\r' b':f1\r' b'=611\r'
b':j1\r' b':j1\r' b'=C45D80\r'
b':G201\r' b':G201\r' b'=\r'
b':H2E16400\r' b':H2E16400\r' b'=\r'
b':M2AC0D00\r' b':T2800000\r' b'=\r'
b':J2\r' b':J2\r' b'=\r'
b':f2\r' b':f2\r' b'=611\r'
b':j2\r' b':j2\r' b'=A85D80\r'
b':f1\r' b':f1\r' b'=611\r'
b':j1\r' b':j1\r' b'=8B5A80\r'
b':j1\r' b':j1\r' b'=DD5980\r'
b':j2\r' b':j2\r' b'=115C80\r'
b':f2\r' b':f2\r' b'=611\r'
b':j2\r' b':j2\r' b'=AA5A80\r'
b':f1\r' b':f1\r' b'=611\r'
b':j1\r' b':j1\r' b'=6C5580\r'
b':f2\r' b':f2\r' b'=611\r'
b':j2\r' b':j2\r' b'=B25680\r'
b':f1\r' b':f1\r' b'=611\r'
b':j1\r' b':j1\r' b'=D85080\r'
b':f2\r' b':f2\r' b'=611\r'
b':j2\r' b':j2\r' b'=305180\r'
b':f1\r' b':f1\r' b'=611\r'
b':j1\r' b':j1\r' b'=2E4C80\r'
b':f2\r' b':f2\r' b'=611\r'
b':j2\r' b':j2\r' b'=4E4A80\r'
b':f1\r' b':f1\r' b'=611\r'
b':j1\r' b':j1\r' b'=7E4780\r'
b':f2\r' b':f2\r' b'=611\r'
b':j2\r' b':j2\r' b'=494380\r'
b':f1\r' b':f1\r' b'=611\r'
b':j1\r' b':j1\r' b'=D24280\r'
b':f2\r' b':f2\r' b'=611\r'
b':j2\r' b':j2\r' b'=493C80\r'
b':f1\r' b':f1\r' b'=611\r'
b':j1\r' b':j1\r' b'=243E80\r'
b':f2\r' b':f2\r' b'=611\r'
b':j2\r' b':j2\r' b'=433580\r'
b':f1\r' b':f1\r' b'=611\r'
b':j1\r' b':j1\r' b'=783980\r'
b':f2\r' b':f2\r' b'=611\r'
b':j2\r' b':j2\r' b'=422E80\r'
b':f1\r' b':f1\r' b'=611\r'
b':j1\r' b':j1\r' b'=CC3480\r'
b':f2\r' b':f2\r' b'=611\r'
b':j2\r' b':j2\r' b'=3D2780\r'
b':f1\r' b':f1\r' b'=611\r'
b':j1\r' b':j1\r' b'=1C3080\r'
b':f2\r' b':f2\r' b'=611\r'
b':j2\r' b':j2\r' b'=3A2080\r'
b':f1\r' b':f1\r' b'=611\r'
b':j1\r' b':j1\r' b'=702B80\r'
b':f2\r' b':f2\r' b'=611\r'
b':j2\r' b':j2\r' b'=311980\r'
b':f1\r' b':f1\r' b'=611\r'
b':j1\r' b':j1\r' b'=C12680\r'
b':f2\r' b':f2\r' b'=611\r'
b':j2\r' b':j2\r' b'=311280\r'
b':f1\r' b':f1\r' b'=611\r'
b':j1\r' b':j1\r' b'=142280\r'
b':f2\r' b':f2\r' b'=611\r'
b':j2\r' b':j2\r' b'=300B80\r'
b':f1\r' b':f1\r' b'=611\r'
b':j1\r' b':j1\r' b'=681D80\r'
b':f2\r' b':f2\r' b'=611\r'
b':j2\r' b':j2\r' b'=2A0480\r'
b':f1\r' b':f1\r' b'=611\r'
b':j1\r' b':j1\r' b'=BB1880\r'
b':f2\r' b':f2\r' b'=611\r'
b':j2\r' b':j2\r' b'=B9FC7F\r'
b':f1\r' b':f1\r' b'=611\r'
b':j1\r' b':j1\r' b'=751380\r'
b':f2\r' b':f2\r' b'=211\r'
b':j2\r' b':j2\r' b'=9CFB7F\r'
b':f1\r' b':f1\r' b'=611\r'
b':j1\r' b':j1\r' b'=C80E80\r'
b':f2\r' b':f2\r' b'=211\r'
b':j2\r' b':j2\r' b'=B6FA7F\r'
b':f1\r' b':f1\r' b'=611\r'
b':j1\r' b':j1\r' b'=1D0A80\r'
b':f2\r' b':f2\r' b'=211\r'
b':j2\r' b':j2\r' b'=B2F97F\r'
b':f1\r' b':f1\r' b'=611\r'
b':j1\r' b':j1\r' b'=DA0480\r'
b':f2\r' b':f2\r' b'=211\r'
b':j2\r' b':j2\r' b'=FDF87F\r'
b':f1\r' b':f1\r' b'=611\r'
b':j1\r' b':j1\r' b'=2C0080\r'
b':f2\r' b':f2\r' b'=201\r'
b':j2\r' b':j2\r' b'=FDF87F\r'
b':j2\r' b':j2\r' b'=FDF87F\r'
b':f1\r' b':f1\r' b'=211\r'
b':j1\r' b':j1\r' b'=2CFC7F\r'
b':f2\r' b':f2\r' b'=201\r'
b':j2\r' b':j2\r' b'=FDF87F\r'
b':G220\r' b':G220\r' b'=\r'
b':H2030700\r' b':H2030700\r' b'=\r'
b':M2AC0D00\r' b':T2800000\r' b'=\r'
b':J2\r' b':J2\r' b'=\r'
b':f2\r' b':f2\r' b'=411\r'
b':j2\r' b':j2\r' b'=2DF97F\r'
b':f1\r' b':f1\r' b'=211\r'
b':j1\r' b':j1\r' b'=D3F97F\r'
b':j1\r' b':j1\r' b'=9BF97F\r'
b':j2\r' b':j2\r' b'=CAFA7F\r'
b':f2\r' b':f2\r' b'=411\r'
b':j2\r' b':j2\r' b'=13FC7F\r'
b':f1\r' b':f1\r' b'=201\r'
b':j1\r' b':j1\r' b'=FCF87F\r'
b':j1\r' b':j1\r' b'=FCF87F\r'
b':f2\r' b':f2\r' b'=011\r'
b':f1\r' b':f1\r' b'=201\r'
b':j1\r' b':j1\r' b'=FCF87F\r'
b':j2\r' b':j2\r' b'=F5FD7F\r'
b':j1\r' b':j1\r' b'=FCF87F\r'
b':j2\r' b':j2\r' b'=6AFE7F\r'
b':G120\r' b':G120\r' b'=\r'
b':H1040700\r' b':H1040700\r' b'=\r'
b':M1AC0D00\r' b':T1C00000\r' b'=\r'
b':J1\r' b':J1\r' b'=\r'
b':f1\r' b':f1\r' b'=411\r'
b':j1\r' b':j1\r' b'=0CF97F\r'
b':j1\r' b':j1\r' b'=37F97F\r'
b':j2\r' b':j2\r' b'=FBFF7F\r'
b':f2\r' b':f2\r' b'=001\r'
b':j2\r' b':j2\r' b'=FBFF7F\r'
b':f1\r' b':f1\r' b'=411\r'
b':j1\r' b':j1\r' b'=15FB7F\r'
b':j2\r' b':j2\r' b'=FBFF7F\r'
b':f2\r' b':f2\r' b'=001\r'
b':j2\r' b':j2\r' b'=FBFF7F\r'
b':f1\r' b':f1\r' b'=011\r'
b':j1\r' b':j1\r' b'=10FD7F\r'
b':G220\r' b':G220\r' b'=\r'
b':H2050000\r' b':H2050000\r' b'=\r'
b':M2AC0D00\r' b':T2800000\r' b'=\r'
b':J2\r' b':J2\r' b'=\r'
b':f2\r' b':f2\r' b'=001\r'
b':j2\r' b':j2\r' b'=FBFF7F\r'
b':f1\r' b':f1\r' b'=011\r'
b':j1\r' b':j1\r' b'=DCFE7F\r'
b':j1\r' b':j1\r' b'=1BFF7F\r'
b':j2\r' b':j2\r' b'=FBFF7F\r'
b':f1\r' b':f1\r' b'=011\r'
b':j1\r' b':j1\r' b'=C9FF7F\r'
b':f1\r' b':f1\r' b'=001\r'
b':j1\r' b':j1\r' b'=F8FF7F\r'
b':j1\r' b':j1\r' b'=F8FF7F\r'
b':j2\r' b':j2\r' b'=FBFF7F\r'
b':j1\r' b':j1\r' b'=F8FF7F\r'
b':f1\r' b':f1\r' b'=001\r'
b':j1\r' b':j1\r' b'=F8FF7F\r'
b':G120\r' b':G120\r' b'=\r'
b':H1080000\r' b':H1080000\r' b'=\r'
b':M1AC0D00\r' b':T1C00000\r' b'=\r'
b':J1\r' b':J1\r' b'=\r'
b':f1\r' b':f1\r' b'=001\r'
b':j1\r' b':j1\r' b'=F8FF7F\r'
b':j1\r' b':j1\r' b'=F8FF7F\r'
b':j2\r' b':j2\r' b'=FBFF7F\r'
b':j1\r' b':j1\r' b'=F8FF7F\r'
b':j2\r' b':j2\r' b'=FBFF7F\r'
b':j1\r' b':j1\r' b'=F8FF7F\r'
b':K2\r' b':K2\r' b'=\r'
b':K1\r' b':K1\r' b'=\r'

